PS C:\Users\Brian\Documents\WSU\afs505_u1\assignment4> python ex31.py
You enter a dark room with two doors.
Do you go through door #1 or door #2?
>1
There's a giant bear here eating a cheese cake.
What do you do?
1. Take the cake.
2. Scream at the bear.
>2
The bear eats your legs off. Good job!
PS C:\Users\Brian\Documents\WSU\afs505_u1\assignment4>
PS C:\Users\Brian\Documents\WSU\afs505_u1\assignment4> python ex31_1.py
You enter a dark room with two doors.
Do you go through door #1 or door #2?
>1
There's a giant bear here eating a cheese cake.
What do you do?
1. Take the cake.
2. Scream at the bear.
3. Use the holy hand grenade of Antioch?
>3
Well, doing 3 is probably better.
Bear runs away.
You blew yourself up. Great job!
PS C:\Users\Brian\Documents\WSU\afs505_u1\assignment4>
PS C:\Users\Brian\Documents\WSU\afs505_u1\assignment4> python ex32.py
This is count 1
This is count 2
This is count 3
This is count 4
This is count 5
A fruit of type: apples
A fruit of type: oranges
A fruit of type: pears
A fruit of type: apricots
I got 1
I got pennies
I got 2
I got dimes
I got 3
I got quarters
Adding 0 to the list.
Adding 1 to the list.
Adding 2 to the list.
Adding 3 to the list.
Adding 4 to the list.
Adding 5 to the list.
Element was: 0
Element was: 1
Element was: 2
Element was: 3
Element was: 4
Element was: 5
PS C:\Users\Brian\Documents\WSU\afs505_u1\assignment4>
PS C:\Users\Brian> cd Documents\WSU\afs505_u1\assignment4
PS C:\Users\Brian\Documents\WSU\afs505_u1\assignment4> python ex33.py
At the top i is 0
Numbers now:  [0]
At the bottom i is 1:
At the top i is 1
Numbers now:  [0, 1]
At the bottom i is 2:
At the top i is 2
Numbers now:  [0, 1, 2]
At the bottom i is 3:
At the top i is 3
Numbers now:  [0, 1, 2, 3]
At the bottom i is 4:
At the top i is 4
Numbers now:  [0, 1, 2, 3, 4]
At the bottom i is 5:
At the top i is 5
Numbers now:  [0, 1, 2, 3, 4, 5]
At the bottom i is 6:
The numbers:
0
1
2
3
4
5
SyntaxError: EOL while scanning string literal
PS C:\Users\Brian\Documents\WSU\afs505_u1\assignment4> python ex33.py 3
At the top i is 0
Numbers now:  [0]
At the bottom i is 1:
At the top i is 1
Numbers now:  [0, 1]
At the bottom i is 2:
At the top i is 2
Numbers now:  [0, 1, 2]
At the bottom i is 3:
At the top i is 3
Numbers now:  [0, 1, 2, 3]
At the bottom i is 4:
At the top i is 4
Numbers now:  [0, 1, 2, 3, 4]
At the bottom i is 5:
At the top i is 5
Numbers now:  [0, 1, 2, 3, 4, 5]
At the bottom i is 6:
The numbers:
0
1
2
3
4
5
Study drill 1
number: 0
number: 1
number: 2
number: 3
[0, 1, 2, 3]
number: 0
number: 1
number: 2
number: 3
number: 4
[0, 1, 2, 3, 4]
PS C:\Users\Brian\Documents\WSU\afs505_u1\assignment4> python ex35.py
You are in a dark room.
There is a door to you right and to your left.
Which do you take?
> left
There is a bear here.
The bear has a bunch of honey.
The fat bear is in front of another door.
How are you going to move the bear?
> taunt bear
The bear has moved from the door.
You can go through it now.
> open door
This room is full of gold. How much do you take?
> 1000
